[trillo.framer.ai/index.html]
[backblue.gif]
[fade.gif]
[index.html]
[framerusercontent.com/sites/5JnhgpZ8Oleffstlev0iN5/searchIndex-liaTw9K0drX6.json]
[framerusercontent.com/images/P6K05A3LuSVJBgd898d7TI8Yo1o.png]
[framerusercontent.com/images/BDttQZ7ycgd0GzLrp5dlJPMuc.png]
[framerusercontent.com/assets/5vvr9Vy74if2I6bQbJvbw7SY1pQ.woff2]
[trillo.framer.ai/404.5.delayed]
[framerusercontent.com/images/9atBfnDLJP0XjScT7gXB9lzptS8.png]
[framerusercontent.com/images/OhSOfeVRgLI2Iyrz9LsLsheWc.png]
[framerusercontent.com/images/fjS6AMI2GCXWO2gmn6QiIFCONv0.png]
[framerusercontent.com/images/pzeNgHOZKXxn6A34yeaLOJicqs0.png]
[framerusercontent.com/images/WQSAYXQUyQPpBmLvIk3Eem8UhxU.png]
[framerusercontent.com/images/wxABU3HkQWBTINiagoFuc2YLBiM.png]
[framerusercontent.com/images/MPhMwPnz5WjKguiVguPRSYxdwY.png]
[framerusercontent.com/images/hcqBD3Cmj5TBQtKKuU8qccf9r7Y.png]
[framerusercontent.com/images/TbW6feIiBav0Z1BoN3siVls1Po.png]
[framerusercontent.com/images/Ovn1boNq6vEG01Y2Tqwq7zj3qA.png]
[framerusercontent.com/images/ZVzPYoprKd9elzh30tJ089LjLrM.png]
[framerusercontent.com/images/w5iwgVpYGHX7xmOnepyjYMi9c.png]
[framerusercontent.com/images/ywwwmmo15OMQt8eAgs4XijbyMk.png]
[framerusercontent.com/images/7pnYdkLih2vVnFAxk5wyMwucbf8.png]
[framerusercontent.com/images/Fq2qCZhSzpplDK5coYFxb0iWeQ.png]
[framerusercontent.com/images/v2cy6Vr0OXck5PmeijOJzKWMdI.png]
[framerusercontent.com/images/7PZ4FbFLiMZOL8lQV1yBU6KahWU.png]
[framerusercontent.com/images/iABb6ejla3A5ZzE4zgxiPqBaYHI.jpg]
[framerusercontent.com/images/rOWNC4FEUHr4qDfMV9b15tyL0I.png]
[framerusercontent.com/sites/5JnhgpZ8Oleffstlev0iN5/chunk-S7IH7KTZ.mjs]
[framerusercontent.com/sites/5JnhgpZ8Oleffstlev0iN5/chunk-HZL4YIMB.mjs]
[framerusercontent.com/sites/5JnhgpZ8Oleffstlev0iN5/chunk-O2OE6MBO.mjs]
[framerusercontent.com/sites/5JnhgpZ8Oleffstlev0iN5/chunk-A3IIQ6X3.mjs]
[framerusercontent.com/sites/5JnhgpZ8Oleffstlev0iN5/chunk-GCZ6Y7NL.mjs]
[framerusercontent.com/sites/5JnhgpZ8Oleffstlev0iN5/chunk-42U43NKG.mjs]
[framerusercontent.com/sites/5JnhgpZ8Oleffstlev0iN5/b1SQUGniAkOaAsAgXDZspJi9QeF8nkkAvhBSxzdlY4U.KB2EHKHK.mjs]
[framerusercontent.com/sites/5JnhgpZ8Oleffstlev0iN5/chunk-6XBC44EY.mjs]
[framerusercontent.com/sites/5JnhgpZ8Oleffstlev0iN5/chunk-6MQAW2HN.mjs]
[trillo.framer.ai/index.html]
[framerusercontent.com/images/miB0KHMkPZWRp6N3Z2d1FZ32G0.svg]
[trillo.framer.ai/404.html]
[framerusercontent.com/images/rMR5oOxoMIdY31WJTsIsZfuvjc.svg]
[framerusercontent.com/images/5ObE1C5V4MSQQjdIvoBfN3UAk.svg]
[framerusercontent.com/images/mczBbawGWfSkQ0a5PKpwa7InE8.svg]
[framerusercontent.com/images/12zxCWgQgsRmsbPhLrHiUUu9k.svg]
[framerusercontent.com/images/BHgD6Nu36yUvSoAAM7z3NUicFqU.svg]
[framerusercontent.com/images/eaXvjc2i1KujX6uJUhBiCmIAWU.svg]
[framerusercontent.com/images/R8hjhXhCWr2pojFiHwRyeSzgU8.svg]
[framerusercontent.com/images/jPAw4zTkVZg6tA9KM0JuEx97ok.svg]
[framerusercontent.com/images/t2IOdik8g3Ly0hyu8rP5bGQXeQ.svg]
[framerusercontent.com/images/CF5feVPPO5bJZXOia2HeZwud2A.svg]
[framerusercontent.com/images/0lYbR0OOhphHWq0EPRRX55non0g.svg]
[framerusercontent.com/images/HrkSaaXhDnXvVxd1v8VAnPAAD4.svg]
[framerusercontent.com/images/woUoLalD7SuYDGkqtcWbOuXbnL0.svg]
[framerusercontent.com/images/1gd0isrqPqaYEBgnyt43AjO7SU.svg]
[framerusercontent.com/images/zNZjVOcN88r0PUaTMaT7r2RV5E.svg]
[framerusercontent.com/images/86VHhluy4cI1xBjrS3n1kBcjXs.svg]
[framerusercontent.com/images/lMGrd1YTU46TAMHu1VQv9Ie0ck.svg]
[framerusercontent.com/images/0x8faqgWnW6BfLp19IAPQQtvY.svg]
[framerusercontent.com/images/UzDtpGMCkvef0S8slBd5FwQXcjk.svg]
[framerusercontent.com/images/BVzyGJghcpAl9EQGvW35MuZEk.svg]
[framerusercontent.com/images/6axv7I8343HkMvJ3ULfXnIFlajE.svg]
[framerusercontent.com/images/6aD5lnbe5zx6zfq50qbCk36NcC8.svg]
[framerusercontent.com/images/pm0M96OSN6mjHVpDL3Fcm3Oqc.svg]
[framerusercontent.com/images/KsAX49LeH54gG8xC3WaQ2eDcxtQ.svg]
[framerusercontent.com/images/fjLGWm5a9TKpzj58uF95vVu4lPI.svg]
[framerusercontent.com/images/tTxg1P78q5Uaj1JoZlLujnzk.svg]
[framerusercontent.com/images/fOnNUluVRzm2ApkX9VzpSJZOL0.svg]
[framerusercontent.com/images/5ELGD6OrMdQP81DhM8BSfRotSEU.svg]
[framerusercontent.com/images/2phZVxTdF5VUahsxKvp6Oash2QM.svg]
[framerusercontent.com/images/lv8zOZyzEuHlHXNlS2K3nJ6Eg.svg]
[framerusercontent.com/images/fJ4SI9gN9eytMLbhNywb7sAhcM.svg]
[framerusercontent.com/images/uVdo5gGhNsmPu5MDUKdZXzrJs.svg]
[framerusercontent.com/sites/5JnhgpZ8Oleffstlev0iN5/script_main.R3CJIMZP.mjs]
